 I[6]  @1  :CON(7,100)  @1  I[6]  @1  @1  I[6]  @1  I[6]  @1  I[6]  @1  I[6]  @1  :CON(7,50)  @1  @1  I[6]  @1  :CON(7,100)  @1  I[6]  @1  :CON(7,50)  [69]  [69]  [69]  [69]  :CON(7,100)  @1  I[6]  @1  @1  :CON(7,50)  @1  @1  @1  @1  @1  @1  @1  I[6]  @1  :CON(7,100)  @1  @1  I[6]  @1  I[6]  @1  I[6]  @1  I[15] 
 