 [60]  [60]  [60]  [60]  [60]  [60]  I[6]  @1  @1  :CON(7,100)  I[2]  I[0]  I[7]  I[7]  :CON(7,50)  @1  @1  @1  :CON(7,100)  @1  I[6]  @1  :CON(7,50)  @1  @1  @1  @1  @1  @1  @1  :CON(7,100)  I[6]  @1  @1  :CON(7,50)  @1  @1  I[6]  @1  @1  @1  :CON(7,100)  @1  @1  @1  @1  @1  @1  @1  :CON(7,50)  I[6]  @1  :CON(7,100)  @1  @1  @1  @1  @1  I[6]  @1  @1  @1  @1  @1  @1  :CON(7,50)  @1  @1  @1  :CON(7,100)  @1  @1  @1  @1  @1  I[6]  @1  @1  @1  :CON(7,50)  @1  [60]  :CON(7,100)  @1  @1  I[6]  @1  @1  @1  @1  :CON(7,50)  @1  @1  @1  :CON(7,100)  @1  @1  @1  @1  @1  @1  @1  :CON(7,50)  @1  I[6]  @1  @1  I[6]  @1  @1  @1  @1  :CON(7,100)  @1  @1  @1  @1  @1  :CON(7,50)  @1  I[6]  @1  @1  :CON(7,100)  @1  @1  :CON(7,50)  @1  I[6]  :CON(7,100)  @1  I[6]  @1  @1  @1  @1  @1  :CON(7,50)  @1  @1  @1  I[6]  @1  :CON(7,100)  @1  @1  @1  @1  @1  @1  I[15] 
 [72]  [72]  :CON(7,50)  @1  @1  I[6]  @1  @1  @1  @1  :CON(7,100)  @1  @1  @1  @1  @1  :CON(7,50)  @1  [72]  I[6]  :CON(7,100)  @1  I[6]  I[6]  @1  @1  :CON(7,50)  @1  I[6]  @1  @1  I[6]  @1  I[6]  @1  I[6]  @1  @1  :CON(7,100)  @1  @1  @1  @1  :CON(7,50)  @1  @1  @1  @1  @1  :CON(7,100)  @1  I[6]  @1  @1  @1  @1  @1  @1  :CON(7,50)  @1  I[6]  @1  I[6]  @1  @1  :CON(7,100)  @1  :CON(7,50)  @1  I[6]  @1  @1  I[6]  :CON(7,100)  @1  @1  @1  @1  @1  @1  I[6]  @1  @1  :CON(7,50)  @1  @1  @1  :CON(7,100)  @1  I[6]  @1  @1  @1  @1  @1  @1  @1  @1  :CON(7,50)  I[6]  @1  :CON(7,100)  @1  @1  @1  :CON(7,50)  @1  @1  @1  @1  @1  I[6]  @1  @1  @1  @1  @1  :CON(7,100)  @1  I[6]  @1  @1  @1  @1  :CON(7,50)  @1  @1  @1  @1  :CON(7,100)  @1  @1  @1  @1  I[6]  @1  @1  :CON(7,50)  @1  @1  @1  @1  @1  :CON(7,100)  @1  @1  :CON(7,50)  @1  @1  @1  @1  :CON(7,100)  @1  @1  @1  I[6]  @1  :CON(7,50)  I[6]  @1  :CON(7,100)  @1  @1  I[6]  @1  :CON(7,50)  @1  I[6]  @1  @1  @1  @1  :CON(7,100)  @1  [72]  [72]  [72]  [72]  [72]  I[6]  @1  @1  :CON(7,50)  I[2]  I[0]  I[7]  I[7]  :CON(7,100)  @1  I[6]  @1  @1  :CON(7,50)  @1  @1  @1  @1  :CON(7,100)  @1  @1  @1  @1  @1  @1  @1  :CON(7,50)  @1  @1  @1  @1  :CON(7,100)  @1  @1  @1  @1  @1  @1  @1  @1  @1  I[15] 
 I[15] 
 @1  @1  @1  @1  :CON(7,50)  @1  I[6]  @1  @1  I[6]  @1  :CON(7,100)  @1  @1  @1  :CON(7,50)  @1  @1  @1  @1  @1  @1  @1  @1  :CON(7,100)  @1  @1  :CON(7,50)  @1  @1  @1  :CON(7,100)  @1  @1  @1  :CON(7,50)  I[6]  @1  :CON(7,100)  @1  @1  @1  @1  :CON(7,50)  @1  I[6]  @1  @1  @1  @1  @1  :CON(7,100)  @1  @1  @1  @1  I[6]  @1  @1  :CON(7,50)  @1  @1  @1  :CON(7,100)  @1  @1  @1  @1  :CON(7,50)  @1  I[6]  @1  @1  I[6]  :CON(7,100)  @1  I[6]  I[6]  @1  @1  :CON(7,50)  @1  @1  :CON(7,100)  @1  @1  @1  @1  @1  I[6]  @1  @1  @1  :CON(7,50)  @1  I[6]  @1  :CON(7,100)  @1  [86]  [86]  [86]  [86]  [86]  [86]  [86]  :CON(7,50)  @1  [107]  [107]  [107]  I[6]  @1  @1  :CON(7,100)  @1  @1  @1  :CON(7,50)  I[6]  @1  @1  I[6]  @1  @1  @1  @1  @1  @1  :CON(7,100)  @1  I[6]  @1  @1  I[6]  @1  @1  @1  @1  @1  @1  @1  @1  :CON(7,50)  @1  @1  I[6]  @1  :CON(7,100)  @1  I[6]  I[6]  @1  @1  :CON(7,50)  @1  @1  @1  @1  :CON(7,100)  @1  [96]  [96]  [96]  [96]  [96]  I[6]  @1  @1  :CON(7,50)  I[2]  I[0]  I[7]  I[7]  :CON(7,100)  I[6]  @1  :CON(7,50)  @1  @1  I[6]  @1  @1  :CON(7,100)  I[6]  @1  :CON(7,50)  @1  @1  @1  @1  @1  :CON(7,100)  @1  I[6]  :CON(7,50)  @1  @1  :CON(7,100)  @1  @1  @1  @1  @1  @1  @1  @1  :CON(7,50)  I[6]  @1  :CON(7,100)  @1  @1  @1  @1  @1  @1  @1  @1  I[6]  I[6]  @1  :CON(7,50)  I[4]  :CON(7,100)  @1  @1  I[6]  @1  :CON(7,50)  I[6]  @1  @1  :CON(7,100)  @1  @1  @1  :CON(7,50)  @1  @1  :CON(7,100)  I[6]  @1  :CON(7,50)  @1  I[6]  @1  @1  @1  @1  @1  @1  :CON(7,100)  I[1]  I[9]  :CON(7,50)  I[2]  I[0]  I[2]  I[0]  I[15] 
 I[15] 
 @1  I[6]  @1  @1  :CON(7,100)  @1  :CON(7,50)  @1  @1  @1  @1  @1  :CON(7,100)  I[6]  @1  :CON(7,50)  @1  :CON(7,100)  @1  @1  @1  :CON(7,50)  @1  @1  @1  @1  @1  :CON(7,100)  @1  I[6]  I[6]  @1  @1  :CON(7,50)  @1  @1  I[6]  @1  @1  :CON(7,100)  @1  @1  @1  @1  @1  @1  :CON(7,50)  I[6]  @1  :CON(7,100)  @1  @1  @1  @1  @1  @1  @1  :CON(7,50)  I[6]  @1  :CON(7,100)  @1  I[6]  @1  @1  @1  :CON(7,50)  @1  @1  :CON(7,100)  @1  I[6]  @1  @1  :CON(7,50)  I[6]  @1  @1  I[6]  @1  :CON(7,100)  @1  [108]  [108]  [108]  [108]  [108]  I[6]  @1  @1  :CON(7,50)  I[2]  I[0]  I[7]  I[7]  :CON(7,100)  I[6]  @1  :CON(7,50)  I[6]  @1  :CON(7,100)  @1  @1  @1  :CON(7,50)  @1  @1  @1  @1  @1  :CON(7,100)  I[6]  @1  :CON(7,50)  @1  @1  @1  @1  :CON(7,100)  @1  @1  I[6]  I[6]  @1  @1  :CON(7,50)  @1  @1  @1  :CON(7,100)  @1  I[6]  @1  @1  @1  :CON(7,50)  @1  @1  @1  :CON(7,100)  @1  @1  @1  I[6]  @1  @1  I[6]  @1  @1  :CON(7,50)  @1  I[6]  :CON(7,100)  @1  [108]  :CON(7,50)  @1  @1  I[6]  @1  @1  @1  @1  :CON(7,100)  @1  @1  @1  :CON(7,50)  I[6]  @1  :CON(7,100)  @1  @1  @1  :CON(7,50)  @1  @1  @1  @1  @1  @1  @1  @1  :CON(7,100)  I[6]  @1  @1  :CON(7,50)  @1  I[6]  @1  @1  @1  :CON(7,100)  @1  @1  @1  @1  @1  @1  @1  :CON(7,50)  I[6]  @1  :CON(7,100)  @1  @1  @1  @1  @1  I[6]  @1  @1  @1  @1  @1  :CON(7,50)  @1  @1  @1  @1  @1  @1  :CON(7,100)  @1  @1  :CON(7,50)  @1  @1  @1  @1  :CON(7,100)  I[6]  @1  @1  @1  @1  @1  I[6]  @1  @1  :CON(7,50)  @1  I[6]  @1  @1  @1  I[15] 
 I[15] 
 @1  :CON(7,100)  @1  @1  @1  @1  @1  @1  @1  @1  :CON(7,50)  @1  I[6]  @1  :CON(7,100)  I[6]  I[6]  @1  :CON(7,50)  @1  @1  @1  @1  @1  @1  I[6]  @1  :CON(7,100)  @1  [120]  [120]  [120]  [120]  [120]  I[6]  @1  @1  :CON(7,50)  I[2]  I[0]  I[7]  I[7]  :CON(7,100)  @1  @1  @1  :CON(7,50)  @1  @1  :CON(7,100)  @1  @1  I[6]  @1  :CON(7,50)  I[6]  @1  :CON(7,100)  @1  @1  @1  @1  @1  @1  :CON(7,50)  @1  I[6]  @1  @1  :CON(7,100)  @1  @1  @1  :CON(7,50)  @1  @1  I[6]  @1  I[6]  @1  I[6]  @1  @1  :CON(7,100)  @1  I[6]  @1  @1  @1  @1  @1  I[6]  @1  :CON(7,50)  @1  I[6]  :CON(7,100)  @1  @1  @1  @1  @1  @1  :CON(7,50)  @1  @1  @1  @1  @1  I[6]  @1  @1  @1  :CON(7,100)  @1  @1  @1  @1  @1  @1  @1  @1  @1  :CON(7,50)  I[6]  @1  I[6]  @1  I[6]  @1  @1  @1  :CON(7,100)  @1  @1  @1  @1  @1  I[6]  @1  @1  @1  [125]  [125]  [125]  [125]  I[6]  @1  @1  I[6]  @1  @1  @1  @1  :CON(7,50)  @1  [122]  I[6]  @1  :CON(7,100)  [124]  [124]  :CON(7,50)  @1  @1  @1  :CON(7,100)  I[6]  :CON(7,50)  @1  @1  @1  @1  I[6]  @1  :CON(7,100)  @1  @1  @1  @1  I[6]  @1  @1  @1  @1  @1  :CON(7,50)  @1  @1  @1  :CON(7,100)  I[6]  @1  :CON(7,50)  @1  :CON(7,100)  @1  I[6]  @1  @1  @1  @1  :CON(7,50)  @1  I[6]  @1  @1  @1  I[6]  @1  @1  @1  @1  :CON(7,100)  @1  @1  @1  @1  :CON(7,50)  @1  @1  @1  @1  :CON(7,100)  I[6]  @1  :CON(7,50)  @1  I[6]  @1  @1  :CON(7,100)  @1  I[6]  @1  @1  @1  :CON(7,50)  @1  I[6]  @1  @1  @1  I[6]  @1  :CON(7,100)  @1  I[6]  @1  @1  :CON(7,50)  I[6]  @1  :CON(7,100)  @1  I[6]  :CON(7,50)  @1  @1  @1  :CON(7,100)  @1  @1  @1  @1  @1  :CON(7,50)  I[6]  @1  :CON(7,100)  @1  @1  @1  @1  @1  I[15] 
